// Jest Snapshot v1, https://goo.gl/fbAQLP

exports[`<Box /> should render properly 1`] = `
<div
  class="sc-bdvvaa iKIrFQ"
>
  Box content
</div>
`;
