// Jest Snapshot v1, https://goo.gl/fbAQLP

exports[`<Button /> should render properly 1`] = `
<button
  class="sc-bdvvaa ktiVbg"
>
  Button content
</button>
`;
